
Memory Configuration

Name             Origin             Length             Attributes
*default*        0x0000000000000000 0xffffffffffffffff

Linker script and memory map


.text           0x0000000000000000     0xafc0
                0x0000000000000000                _startcode = .
 *(.text)
 .text          0x0000000000000000     0xafc0 a.o
                0x0000000000000000                _start
                0x00000000000002ac                _code_
                0x000000000000afc0                _endcode = .

.glue_7         0x000000000000afc0        0x0
 .glue_7        0x0000000000000000        0x0 linker stubs

.glue_7t        0x000000000000afc0        0x0
 .glue_7t       0x0000000000000000        0x0 linker stubs

.vfp11_veneer   0x000000000000afc0        0x0
 .vfp11_veneer  0x0000000000000000        0x0 linker stubs

.v4_bx          0x000000000000afc0        0x0
 .v4_bx         0x0000000000000000        0x0 linker stubs

.iplt           0x000000000000afc0        0x0
 .iplt          0x0000000000000000        0x0 a.o

.data           0x0000000010000000     0x3588 load address 0x000000000000afc0
                0x0000000010000000                _startdata = .
 *(.data)
 .data          0x0000000010000000     0x3588 a.o
                0x0000000010003588                _enddata = .

.igot.plt       0x0000000010003588        0x0 load address 0x000000000000e548
 .igot.plt      0x0000000000000000        0x0 a.o

boot_section    0x0000000000010000        0x0
                0x0000000000010000                _startboot = .
 *(boot_section)
 boot_section   0x0000000000010000        0x0 a.o
                0x0000000000010000                _endboot = .
LOAD a.o
OUTPUT(a.elf elf32-littlearm)

.rel.dyn        0x0000000000010000        0x0 load address 0xfffffffff001afc0
 .rel.iplt      0x0000000000000000        0x0 a.o

.bss            0x0000000000010000        0x0 load address 0xfffffffff001afc0
 .bss           0x0000000000010000        0x0 a.o

.ARM.attributes
                0x0000000000000000       0x25
 .ARM.attributes
                0x0000000000000000       0x25 a.o
